[    0.000000] Initializing cgroup subsys cpuset
[    0.000000] Initializing cgroup subsys cpu
[    0.000000] Initializing cgroup subsys cpuacct
[    0.000000] Linux version 4.4.0-210-generic (buildd@lgw01-amd64-009) (gcc version 5.4.0 20160609 (Ubuntu 5.4.0-6ubuntu1~16.04.12) ) #242-Ubuntu SMP Fri Apr 16 09:57:56 UTC 2021 (Ubuntu 4.4.0-210.242-generic 4.4.262)
[    0.000000] Command line: BOOT_IMAGE=/boot/vmlinuz-4.4.0-210-generic root=LABEL=cloudimg-rootfs ro console=tty1 console=ttyS0
[    0.000000] KERNEL supported cpus:
[    0.000000]   Intel GenuineIntel
[    0.000000]   AMD AuthenticAMD
[    0.000000]   Centaur CentaurHauls
[    0.000000] [Firmware Bug]: TSC doesn't count with P0 frequency!
[    0.000000] x86/fpu: Legacy x87 FPU detected.
[    0.000000] e820: BIOS-provided physical RAM map:
[    0.000000] BIOS-e820: [mem 0x0000000000000000-0x000000000009fbff] usable
[    0.000000] BIOS-e820: [mem 0x000000000009fc00-0x000000000009ffff] reserved
[    0.000000] BIOS-e820: [mem 0x00000000000f0000-0x00000000000fffff] reserved
[    0.000000] BIOS-e820: [mem 0x0000000000100000-0x000000007ffeffff] usable
[    0.000000] BIOS-e820: [mem 0x000000007fff0000-0x000000007fffffff] ACPI data
[    0.000000] BIOS-e820: [mem 0x00000000fec00000-0x00000000fec00fff] reserved
[    0.000000] BIOS-e820: [mem 0x00000000fee00000-0x00000000fee00fff] reserved
[    0.000000] BIOS-e820: [mem 0x00000000fffc0000-0x00000000ffffffff] reserved
[    0.000000] NX (Execute Disable) protection: active
[    0.000000] SMBIOS 2.5 present.
[    0.000000] Hypervisor detected: KVM
[    0.000000] Kernel/User page tables isolation: disabled
[    0.000000] e820: last_pfn = 0x7fff0 max_arch_pfn = 0x400000000
[    0.000000] MTRR: Disabled
[    0.000000] x86/PAT: MTRRs disabled, skipping PAT initialization too.
[    0.000000] CPU MTRRs all blank - virtualized system.
[    0.000000] x86/PAT: Configuration [0-7]: WB  WT  UC- UC  WB  WT  UC- UC  
[    0.000000] found SMP MP-table at [mem 0x0009fff0-0x0009ffff] mapped at [ffff88000009fff0]
[    0.000000] Scanning 1 areas for low memory corruption
[    0.000000] RAMDISK: [mem 0x362dc000-0x37165fff]
[    0.000000] ACPI: Early table checksum verification disabled
[    0.000000] ACPI: RSDP 0x00000000000E0000 000024 (v02 VBOX  )
[    0.000000] ACPI: XSDT 0x000000007FFF0030 00003C (v01 VBOX   VBOXXSDT 00000001 ASL  00000061)
[    0.000000] ACPI: FACP 0x000000007FFF00F0 0000F4 (v04 VBOX   VBOXFACP 00000001 ASL  00000061)
[    0.000000] ACPI: DSDT 0x000000007FFF0470 002325 (v02 VBOX   VBOXBIOS 00000002 INTL 20100528)
[    0.000000] ACPI: FACS 0x000000007FFF0200 000040
[    0.000000] ACPI: FACS 0x000000007FFF0200 000040
[    0.000000] ACPI: APIC 0x000000007FFF0240 000054 (v02 VBOX   VBOXAPIC 00000001 ASL  00000061)
[    0.000000] ACPI: SSDT 0x000000007FFF02A0 0001CC (v01 VBOX   VBOXCPUT 00000002 INTL 20100528)
[    0.000000] No NUMA configuration found
[    0.000000] Faking a node at [mem 0x0000000000000000-0x000000007ffeffff]
[    0.000000] NODE_DATA(0) allocated [mem 0x7ffeb000-0x7ffeffff]
[    0.000000] kvm-clock: Using msrs 4b564d01 and 4b564d00
[    0.000000] kvm-clock: cpu 0, msr 0:7ffe3001, primary cpu clock
[    0.000000] kvm-clock: using sched offset of 3477783941 cycles
[    0.000000] clocksource: kvm-clock: mask: 0xffffffffffffffff max_cycles: 0x1cd42e4dffb, max_idle_ns: 881590591483 ns
[    0.000000] Zone ranges:
[    0.000000]   DMA      [mem 0x0000000000001000-0x0000000000ffffff]
[    0.000000]   DMA32    [mem 0x0000000001000000-0x000000007ffeffff]
[    0.000000]   Normal   empty
[    0.000000]   Device   empty
[    0.000000] Movable zone start for each node
[    0.000000] Early memory node ranges
[    0.000000]   node   0: [mem 0x0000000000001000-0x000000000009efff]
[    0.000000]   node   0: [mem 0x0000000000100000-0x000000007ffeffff]
[    0.000000] Initmem setup node 0 [mem 0x0000000000001000-0x000000007ffeffff]
[    0.000000] ACPI: PM-Timer IO Port: 0x4008
[    0.000000] IOAPIC[0]: apic_id 1, version 32, address 0xfec00000, GSI 0-23
[    0.000000] ACPI: INT_SRC_OVR (bus 0 bus_irq 0 global_irq 2 dfl dfl)
[    0.000000] ACPI: INT_SRC_OVR (bus 0 bus_irq 9 global_irq 9 low level)
[    0.000000] Using ACPI (MADT) for SMP configuration information
[    0.000000] smpboot: Allowing 1 CPUs, 0 hotplug CPUs
[    0.000000] PM: Registered nosave memory: [mem 0x00000000-0x00000fff]
[    0.000000] PM: Registered nosave memory: [mem 0x0009f000-0x0009ffff]
[    0.000000] PM: Registered nosave memory: [mem 0x000a0000-0x000effff]
[    0.000000] PM: Registered nosave memory: [mem 0x000f0000-0x000fffff]
[    0.000000] e820: [mem 0x80000000-0xfebfffff] available for PCI devices
[    0.000000] Booting paravirtualized kernel on KVM
[    0.000000] clocksource: refined-jiffies: mask: 0xffffffff max_cycles: 0xffffffff, max_idle_ns: 7645519600211568 ns
[    0.000000] setup_percpu: NR_CPUS:512 nr_cpumask_bits:512 nr_cpu_ids:1 nr_node_ids:1
[    0.000000] PERCPU: Embedded 33 pages/cpu @ffff88007fc00000 s95192 r8192 d31784 u2097152
[    0.000000] Built 1 zonelists in Node order, mobility grouping on.  Total pages: 515960
[    0.000000] Policy zone: DMA32
[    0.000000] Kernel command line: BOOT_IMAGE=/boot/vmlinuz-4.4.0-210-generic root=LABEL=cloudimg-rootfs ro console=tty1 console=ttyS0
[    0.000000] PID hash table entries: 4096 (order: 3, 32768 bytes)
[    0.000000] Memory: 2030116K/2096696K available (8644K kernel code, 1332K rwdata, 4044K rodata, 1492K init, 1164K bss, 66580K reserved, 0K cma-reserved)
[    0.000000] SLUB: HWalign=64, Order=0-3, MinObjects=0, CPUs=1, Nodes=1
[    0.000000] Hierarchical RCU implementation.
[    0.000000] 	Build-time adjustment of leaf fanout to 64.
[    0.000000] 	RCU restricting CPUs from NR_CPUS=512 to nr_cpu_ids=1.
[    0.000000] RCU: Adjusting geometry for rcu_fanout_leaf=64, nr_cpu_ids=1
[    0.000000] NR_IRQS:33024 nr_irqs:256 16
[    0.000000] Console: colour VGA+ 80x25
[    0.000000] console [tty1] enabled
[    0.000000] console [ttyS0] enabled
[    0.000000] tsc: Detected 3193.922 MHz processor
[    0.346215] Calibrating delay loop (skipped) preset value.. 6387.84 BogoMIPS (lpj=12775688)
[    0.350382] pid_max: default: 32768 minimum: 301
[    0.352621] ACPI: Core revision 20150930
[    0.355423] ACPI: 2 ACPI AML tables successfully acquired and loaded
[    0.360155] Security Framework initialized
[    0.362235] Yama: becoming mindful.
[    0.364078] AppArmor: AppArmor initialized
[    0.366238] Dentry cache hash table entries: 262144 (order: 9, 2097152 bytes)
[    0.375373] Inode-cache hash table entries: 131072 (order: 8, 1048576 bytes)
[    0.384371] Mount-cache hash table entries: 4096 (order: 3, 32768 bytes)
[    0.390737] Mountpoint-cache hash table entries: 4096 (order: 3, 32768 bytes)
[    0.397166] Initializing cgroup subsys io
[    0.399742] Initializing cgroup subsys memory
[    0.402239] Initializing cgroup subsys devices
[    0.404583] Initializing cgroup subsys freezer
[    0.407182] Initializing cgroup subsys net_cls
[    0.412457] Initializing cgroup subsys perf_event
[    0.416180] Initializing cgroup subsys net_prio
[    0.419614] Initializing cgroup subsys hugetlb
[    0.425256] Initializing cgroup subsys pids
[    0.428035] CPU0: Hyper-Threading is disabled
[    0.430292] mce: CPU supports 0 MCE banks
[    0.432730] Last level iTLB entries: 4KB 512, 2MB 512, 4MB 256
[    0.435506] Last level dTLB entries: 4KB 2048, 2MB 2048, 4MB 1024, 1GB 0
[    0.441511] Spectre V1 : Mitigation: usercopy/swapgs barriers and __user pointer sanitization
[    0.445548] Spectre V2 : Spectre mitigation: LFENCE not serializing, switching to generic retpoline
[    0.449926] Spectre V2 : Mitigation: Full generic retpoline
[    0.452689] Spectre V2 : Spectre v2 / SpectreRSB mitigation: Filling RSB on context switch
[    0.547737] Freeing SMP alternatives memory: 36K
[    0.595057] ftrace: allocating 32380 entries in 127 pages
[    1.018389] smpboot: APIC(0) Converting physical 0 to logical package 0
[    1.025583] smpboot: Max logical packages: 1
[    1.042062] ..TIMER: vector=0x30 apic1=0 pin1=2 apic2=-1 pin2=-1
[    1.155516] smpboot: CPU0: AMD Ryzen 7 5800H with Radeon Graphics (family: 0x19, model: 0x50, stepping: 0x0)
[    1.161450] Performance Events: Broken PMU hardware detected, using software events only.
[    1.165921] Failed to access perfctr msr (MSR c0010007 is 0)
[    1.210827] KVM setup paravirtual spinlock
[    1.213980] x86: Booted up 1 node, 1 CPUs
[    1.215993] smpboot: Total of 1 processors activated (6387.84 BogoMIPS)
[    1.220742] devtmpfs: initialized
[    1.223600] evm: security.selinux
[    1.225349] evm: security.SMACK64
[    1.227235] evm: security.SMACK64EXEC
[    1.229245] evm: security.SMACK64TRANSMUTE
[    1.231282] evm: security.SMACK64MMAP
[    1.233014] evm: security.ima
[    1.234536] evm: security.capability
[    1.236657] clocksource: jiffies: mask: 0xffffffff max_cycles: 0xffffffff, max_idle_ns: 7645041785100000 ns
[    1.241208] futex hash table entries: 256 (order: 2, 16384 bytes)
[    1.244466] pinctrl core: initialized pinctrl subsystem
[    1.247482] RTC time: 16:20:34, date: 03/02/25
[    1.250205] NET: Registered protocol family 16
[    1.252699] cpuidle: using governor ladder
[    1.254788] cpuidle: using governor menu
[    1.256810] PCCT header not found.
[    1.259900] ACPI: bus type PCI registered
[    1.261862] acpiphp: ACPI Hot Plug PCI Controller Driver version: 0.5
[    1.265344] PCI: Using configuration type 1 for base access
[    1.268192] PCI: Using configuration type 1 for extended access
[    1.272955] ACPI: Added _OSI(Module Device)
[    1.275041] ACPI: Added _OSI(Processor Device)
[    1.277170] ACPI: Added _OSI(3.0 _SCP Extensions)
[    1.279409] ACPI: Added _OSI(Processor Aggregator Device)
[    1.282583] ACPI: Executed 1 blocks of module-level executable AML code
[    1.288113] ACPI: Interpreter enabled
[    1.289909] ACPI: (supports S0 S5)
[    1.291617] ACPI: Using IOAPIC for interrupt routing
[    1.294138] PCI: Using host bridge windows from ACPI; if necessary, use "pci=nocrs" and report a bug
[    1.302188] ACPI: PCI Root Bridge [PCI0] (domain 0000 [bus 00-ff])
[    1.305221] acpi PNP0A03:00: _OSC: OS supports [ExtendedConfig ASPM ClockPM Segments MSI]
[    1.309806] acpi PNP0A03:00: _OSC: platform does not support [PCIeCapability]
[    1.313885] acpi PNP0A03:00: _OSC: not requesting control; platform does not support [PCIeCapability]
[    1.318183] acpi PNP0A03:00: _OSC: OS requested [PCIeHotplug PME AER PCIeCapability]
[    1.321874] acpi PNP0A03:00: _OSC: platform willing to grant [PCIeHotplug PME AER]
[    1.325353] acpi PNP0A03:00: _OSC failed (AE_SUPPORT); disabling ASPM
[    1.329104] PCI host bridge to bus 0000:00
[    1.331247] pci_bus 0000:00: root bus resource [io  0x0000-0x0cf7 window]
[    1.334530] pci_bus 0000:00: root bus resource [io  0x0d00-0xffff window]
[    1.337698] pci_bus 0000:00: root bus resource [mem 0x000a0000-0x000bffff window]
[    1.341385] pci_bus 0000:00: root bus resource [mem 0x80000000-0xfdffffff window]
[    1.344876] pci_bus 0000:00: root bus resource [bus 00-ff]
[    1.350724] pci 0000:00:01.1: legacy IDE quirk: reg 0x10: [io  0x01f0-0x01f7]
[    1.354249] pci 0000:00:01.1: legacy IDE quirk: reg 0x14: [io  0x03f6]
[    1.357279] pci 0000:00:01.1: legacy IDE quirk: reg 0x18: [io  0x0170-0x0177]
[    1.360816] pci 0000:00:01.1: legacy IDE quirk: reg 0x1c: [io  0x0376]
[    1.375373] pci 0000:00:07.0: quirk: [io  0x4000-0x403f] claimed by PIIX4 ACPI
[    1.389166] pci 0000:00:07.0: quirk: [io  0x4100-0x410f] claimed by PIIX4 SMB
[    1.397480] ACPI: PCI Interrupt Link [LNKA] (IRQs 5 9 10 *11)
[    1.401447] ACPI: PCI Interrupt Link [LNKB] (IRQs 5 9 *10 11)
[    1.405351] ACPI: PCI Interrupt Link [LNKC] (IRQs 5 *9 10 11)
[    1.409226] ACPI: PCI Interrupt Link [LNKD] (IRQs 5 9 10 *11)
[    1.413116] ACPI: Enabled 2 GPEs in block 00 to 07
[    1.416003] vgaarb: setting as boot device: PCI:0000:00:02.0
[    1.418684] vgaarb: device added: PCI:0000:00:02.0,decodes=io+mem,owns=io+mem,locks=none
[    1.422480] vgaarb: loaded
[    1.423843] vgaarb: bridge control possible 0000:00:02.0
[    1.426483] SCSI subsystem initialized
[    1.428478] ACPI: bus type USB registered
[    1.430419] usbcore: registered new interface driver usbfs
[    1.433023] usbcore: registered new interface driver hub
[    1.435457] usbcore: registered new device driver usb
[    1.438337] PCI: Using ACPI for IRQ routing
[    1.440852] NetLabel: Initializing
[    1.442528] NetLabel:  domain hash size = 128
[    1.444605] NetLabel:  protocols = UNLABELED CIPSOv4
[    1.446983] NetLabel:  unlabeled traffic allowed by default
[    1.449721] amd_nb: Cannot enumerate AMD northbridges
[    1.452154] clocksource: Switched to clocksource kvm-clock
[    1.471689] AppArmor: AppArmor Filesystem Enabled
[    1.474087] pnp: PnP ACPI init
[    1.477023] pnp: PnP ACPI: found 3 devices
[    1.485828] clocksource: acpi_pm: mask: 0xffffff max_cycles: 0xffffff, max_idle_ns: 2085701024 ns
[    1.490009] NET: Registered protocol family 2
[    1.492679] TCP established hash table entries: 16384 (order: 5, 131072 bytes)
[    1.496276] TCP bind hash table entries: 16384 (order: 6, 262144 bytes)
[    1.499917] TCP: Hash tables configured (established 16384 bind 16384)
[    1.503487] UDP hash table entries: 1024 (order: 3, 32768 bytes)
[    1.506467] UDP-Lite hash table entries: 1024 (order: 3, 32768 bytes)
[    1.509504] NET: Registered protocol family 1
[    1.511487] pci 0000:00:00.0: Limiting direct PCI/PCI transfers
[    1.514282] pci 0000:00:01.0: Activating ISA DMA hang workarounds
[    1.517347] Unpacking initramfs...
[    1.762517] Freeing initrd memory: 14888K
[    1.765150] clocksource: tsc: mask: 0xffffffffffffffff max_cycles: 0x2e09dc5ceeb, max_idle_ns: 440795247995 ns
[    1.770043] platform rtc_cmos: registered platform RTC device (no PNP device found)
[    1.773715] Scanning for low memory corruption every 60 seconds
[    1.777161] audit: initializing netlink subsys (disabled)
[    1.779852] audit: type=2000 audit(1740932439.896:1): initialized
[    1.782973] Initialise system trusted keyring
[    1.785385] HugeTLB registered 2 MB page size, pre-allocated 0 pages
[    1.789727] zbud: loaded
[    1.791316] VFS: Disk quotas dquot_6.6.0
[    1.793360] VFS: Dquot-cache hash table entries: 512 (order 0, 4096 bytes)
[    1.797057] squashfs: version 4.0 (2009/01/31) Phillip Lougher
[    1.799980] fuse init (API version 7.23)
[    1.802171] Key type big_key registered
[    1.804161] Allocating IMA MOK and blacklist keyrings.
[    1.807592] Key type asymmetric registered
[    1.809671] Asymmetric key parser 'x509' registered
[    1.811957] Block layer SCSI generic (bsg) driver version 0.4 loaded (major 249)
[    1.815631] io scheduler noop registered
[    1.817656] io scheduler deadline registered (default)
[    1.820364] io scheduler cfq registered
[    1.822290] pci_hotplug: PCI Hot Plug PCI Core version: 0.5
[    1.824902] pciehp: PCI Express Hot Plug Controller Driver version: 0.4
[    1.827966] ACPI: AC Adapter [AC] (on-line)
[    1.830106] input: Power Button as /devices/LNXSYSTM:00/LNXPWRBN:00/input/input0
[    1.833877] ACPI: Power Button [PWRF]
[    1.836524] input: Sleep Button as /devices/LNXSYSTM:00/LNXSLPBN:00/input/input1
[    1.840640] ACPI: Sleep Button [SLPF]
[    1.843120] ACPI: Battery Slot [BAT0] (battery present)
[    1.845833] GHES: HEST is not enabled!
[    1.847671] Serial: 8250/16550 driver, 32 ports, IRQ sharing enabled
[    1.874415] 00:02: ttyS0 at I/O 0x3f8 (irq = 4, base_baud = 115200) is a 16550A
[    1.879147] Linux agpgart interface v0.103
[    1.882486] loop: module loaded
[    1.885291] scsi host0: ata_piix
[    1.886934] scsi host1: ata_piix
[    1.888650] ata1: PATA max UDMA/33 cmd 0x1f0 ctl 0x3f6 bmdma 0xd000 irq 14
[    1.891779] ata2: PATA max UDMA/33 cmd 0x170 ctl 0x376 bmdma 0xd008 irq 15
[    1.895948] libphy: Fixed MDIO Bus: probed
[    1.897976] tun: Universal TUN/TAP device driver, 1.6
[    1.900338] tun: (C) 1999-2004 Max Krasnyansky <maxk@qualcomm.com>
[    1.903328] PPP generic driver version 2.4.2
[    1.905433] ehci_hcd: USB 2.0 'Enhanced' Host Controller (EHCI) Driver
[    1.908442] ehci-pci: EHCI PCI platform driver
[    1.910465] ehci-platform: EHCI generic platform driver
[    1.912941] ohci_hcd: USB 1.1 'Open' Host Controller (OHCI) Driver
[    1.915767] ohci-pci: OHCI PCI platform driver
[    1.917923] ohci-platform: OHCI generic platform driver
[    1.920386] uhci_hcd: USB Universal Host Controller Interface driver
[    1.923305] i8042: PNP: PS/2 Controller [PNP0303:PS2K,PNP0f03:PS2M] at 0x60,0x64 irq 1,12
[    1.929319] serio: i8042 KBD port at 0x60,0x64 irq 1
[    1.931712] serio: i8042 AUX port at 0x60,0x64 irq 12
[    1.934220] mousedev: PS/2 mouse device common for all mice
[    1.937727] input: AT Translated Set 2 keyboard as /devices/platform/i8042/serio0/input/input2
[    1.942201] rtc_cmos rtc_cmos: rtc core: registered rtc_cmos as rtc0
[    1.945972] rtc_cmos rtc_cmos: alarms up to one day, 114 bytes nvram
[    1.948818] i2c /dev entries driver
[    1.950816] device-mapper: uevent: version 1.0.3
[    1.953040] device-mapper: ioctl: 4.34.0-ioctl (2015-10-28) initialised: dm-devel@redhat.com
[    1.956969] ledtrig-cpu: registered to indicate activity on CPUs
[    1.960049] NET: Registered protocol family 10
[    1.962353] NET: Registered protocol family 17
[    1.964561] Key type dns_resolver registered
[    1.966897] registered taskstats version 1
[    1.969037] Loading compiled-in X.509 certificates
[    1.971594] Loaded X.509 cert 'Build time autogenerated kernel key: cf00e047681d67edb2720680708b7d9498083038'
[    1.976131] zswap: loaded using pool lzo/zbud
[    1.979476] Key type trusted registered
[    1.984093] Key type encrypted registered
[    1.986092] AppArmor: AppArmor sha1 policy hashing enabled
[    1.988874] ima: No TPM chip found, activating TPM-bypass!
[    1.991327] ima: Allocated hash algorithm: sha1
[    1.993525] evm: HMAC attrs: 0x1
[    1.995523]   Magic number: 1:100:337
[    1.997693] tty tty58: hash matches
[    1.999532] rtc_cmos rtc_cmos: setting system clock to 2025-03-02 16:20:35 UTC (1740932435)
[    2.003604] BIOS EDD facility v0.16 2004-Jun-25, 0 devices found
[    2.006457] EDD information not available.
[    2.099008] Freeing unused kernel memory: 1492K
[    2.102206] Write protecting the kernel read-only data: 14336k
[    2.106363] Freeing unused kernel memory: 1584K
[    2.110193] Freeing unused kernel memory: 52K
Loading, please wait...
starting version 229
[    2.128351] random: udevadm: uninitialized urandom read (16 bytes read, 3 bits of entropy available)
[    2.134895] random: systemd-udevd: uninitialized urandom read (16 bytes read, 3 bits of entropy available)
[    2.140577] random: systemd-udevd: uninitialized urandom read (16 bytes read, 3 bits of entropy available)
[    2.144964] random: udevadm: uninitialized urandom read (16 bytes read, 3 bits of entropy available)
[    2.149186] random: systemd-udevd: uninitialized urandom read (16 bytes read, 3 bits of entropy available)
[    2.158673] random: systemd-udevd: uninitialized urandom read (16 bytes read, 3 bits of entropy available)
[    2.165099] random: systemd-udevd: uninitialized urandom read (16 bytes read, 3 bits of entropy available)
[    2.170684] random: udevadm: uninitialized urandom read (16 bytes read, 3 bits of entropy available)
[    2.175467] random: systemd-udevd: uninitialized urandom read (16 bytes read, 3 bits of entropy available)
[    2.180270] random: udevadm: uninitialized urandom read (16 bytes read, 3 bits of entropy available)
[    2.234880] e1000: Intel(R) PRO/1000 Network Driver - version 7.3.21-k8-NAPI
[    2.238353] e1000: Copyright (c) 1999-2006 Intel Corporation.
[    2.247834] Fusion MPT base driver 3.04.20
[    2.249995] Copyright (c) 1999-2008 LSI Corporation
[    2.281513] Fusion MPT SPI Host driver 3.04.20
[    2.293270] mptbase: ioc0: Initiating bringup
[    2.358352] ioc0: LSI53C1030 A0: Capabilities={Initiator}
[    2.474099] input: ImExPS/2 Generic Explorer Mouse as /devices/platform/i8042/serio1/input/input4
[    2.533586] scsi host2: ioc0: LSI53C1030 A0, FwRev=00000000h, Ports=1, MaxQ=256, IRQ=20
[    2.651774] scsi 2:0:0:0: Direct-Access     VBOX     HARDDISK         1.0  PQ: 0 ANSI: 5
[    2.658080] scsi target2:0:0: Beginning Domain Validation
[    2.666815] scsi target2:0:0: Domain Validation skipping write tests
[    2.671716] scsi target2:0:0: Ending Domain Validation
[    2.675691] scsi target2:0:0: asynchronous
[    2.706654] scsi 2:0:1:0: Direct-Access     VBOX     HARDDISK         1.0  PQ: 0 ANSI: 5
[    2.716945] scsi target2:0:1: Beginning Domain Validation
[    2.767423] scsi target2:0:1: Domain Validation skipping write tests
[    2.770662] scsi target2:0:1: Ending Domain Validation
[    2.779760] scsi target2:0:1: asynchronous
[    2.910636] sd 2:0:0:0: [sda] 83886080 512-byte logical blocks: (42.9 GB/40.0 GiB)
[    2.915101] sd 2:0:0:0: Attached scsi generic sg0 type 0
[    2.918112] sd 2:0:1:0: [sdb] 20480 512-byte logical blocks: (10.5 MB/10.0 MiB)
[    2.924155] sd 2:0:1:0: Attached scsi generic sg1 type 0
[    2.927260] sd 2:0:0:0: [sda] Write Protect is off
[    2.937249] sd 2:0:1:0: [sdb] Write Protect is off
[    2.940038] sd 2:0:0:0: [sda] Incomplete mode parameter data
[    2.943108] sd 2:0:0:0: [sda] Assuming drive cache: write through
[    2.946886] sd 2:0:1:0: [sdb] Incomplete mode parameter data
[    2.949549] sd 2:0:1:0: [sdb] Assuming drive cache: write through
[    2.973709]  sda: sda1
[    2.977142] sd 2:0:0:0: [sda] Attached SCSI disk
[    2.979903] sd 2:0:1:0: [sdb] Attached SCSI disk
[    3.267639] e1000 0000:00:03.0 eth0: (PCI:33MHz:32-bit) 02:be:82:6b:cc:1d
[    3.271591] e1000 0000:00:03.0 eth0: Intel(R) PRO/1000 Network Connection
[    3.746436] e1000 0000:00:08.0 eth1: (PCI:33MHz:32-bit) 08:00:27:b9:03:09
[    3.749655] e1000 0000:00:08.0 eth1: Intel(R) PRO/1000 Network Connection
[    3.753893] e1000 0000:00:08.0 enp0s8: renamed from eth1
[    3.757165] e1000 0000:00:03.0 enp0s3: renamed from eth0
Begin: Loading essential drivers ... [    5.127253] md: linear personality registered for level -1
[    5.133916] md: multipath personality registered for level -4
[    5.141112] md: raid0 personality registered for level 0
[    5.148539] md: raid1 personality registered for level 1
[    5.220445] raid6: sse2x1   gen()  7043 MB/s
[    5.296208] raid6: sse2x1   xor() 11990 MB/s
[    5.369855] raid6: sse2x2   gen() 14226 MB/s
[    5.453229] raid6: sse2x2   xor() 18403 MB/s
[    5.538492] raid6: sse2x4   gen() 21827 MB/s
[    5.612482] raid6: sse2x4   xor() 11604 MB/s
[    5.614956] raid6: using algorithm sse2x4 gen() 21827 MB/s
[    5.617938] raid6: .... xor() 11604 MB/s, rmw enabled
[    5.620593] raid6: using ssse3x2 recovery algorithm
[    5.625359] xor: measuring software checksum speed
[    5.728800]    prefetch64-sse: 46554.000 MB/sec
[    5.835151]    generic_sse: 40776.000 MB/sec
[    5.838301] xor: using function: prefetch64-sse (46554.000 MB/sec)
[    5.842836] async_tx: api initialized (async)
[    5.862840] md: raid6 personality registered for level 6
[    5.866347] md: raid5 personality registered for level 5
[    5.870119] md: raid4 personality registered for level 4
[    5.883905] md: raid10 personality registered for level 10
done.
Begin: Running /scripts/init-premount ... done.
Begin: Mounting root file system ... Begin: Running /scripts/local-top ... done.
Begin: Running /scripts/local-premount ... [    5.956811] Btrfs loaded
Scanning for Btrfs filesystems
done.
Warning: fsck not present, so skipping root file system
[    5.994266] EXT4-fs (sda1): mounted filesystem with ordered data mode. Opts: (null)
done.
Begin: Running /scripts/local-bottom ... done.
Begin: Running /scripts/init-bottom ... done.
[    6.114512] systemd[1]: systemd 229 running in system mode. (+PAM +AUDIT +SELINUX +IMA +APPARMOR +SMACK +SYSVINIT +UTMP +LIBCRYPTSETUP +GCRYPT +GNUTLS +ACL +XZ -LZ4 +SECCOMP +BLKID +ELFUTILS +KMOD -IDN)
[    6.124345] systemd[1]: Detected virtualization oracle.
[    6.126917] systemd[1]: Detected architecture x86-64.

Welcome to [1mUbuntu 16.04.7 LTS[0m!

[    6.137030] systemd[1]: Set hostname to <vm3>.
[    6.306462] systemd[1]: Reached target Encrypted Volumes.
[[0;32m  OK  [0m] Reached target Encrypted Volumes.
[    6.312475] systemd[1]: Listening on Journal Socket (/dev/log).
[[0;32m  OK  [0m] Listening on Journal Socket (/dev/log).
[    6.318526] systemd[1]: Set up automount Arbitrary Executable File Formats File System Automount Point.
[[0;32m  OK  [0m] Set up automount Arbitrary Executab...ats File System Automount Point.
[    6.326695] systemd[1]: Listening on Journal Audit Socket.
[[0;32m  OK  [0m] Listening on Journal Audit Socket.
[    6.332927] systemd[1]: Listening on fsck to fsckd communication Socket.
[[0;32m  OK  [0m] Listening on fsck to fsckd communication Socket.
[    6.339070] systemd[1]: Reached target User and Group Name Lookups.
[[0;32m  OK  [0m] Reached target User and Group Name Lookups.
[    6.345563] systemd[1]: Listening on LVM2 metadata daemon socket.
[[0;32m  OK  [0m] Listening on LVM2 metadata daemon socket.
[    6.351840] systemd[1]: Created slice System Slice.
[[0;32m  OK  [0m] Created slice System Slice.
[    6.357726] systemd[1]: Created slice system-serial\x2dgetty.slice.
[[0;32m  OK  [0m] Created slice system-serial\x2dgetty.slice.
[    6.364902] systemd[1]: Created slice User and Session Slice.
[[0;32m  OK  [0m] Created slice User and Session Slice.
[    6.370669] systemd[1]: Listening on udev Control Socket.
[[0;32m  OK  [0m] Listening on udev Control Socket.
[    6.376491] systemd[1]: Listening on Syslog Socket.
[[0;32m  OK  [0m] Listening on Syslog Socket.
[    6.382251] systemd[1]: Started Forward Password Requests to Wall Directory Watch.
[[0;32m  OK  [0m] Started Forward Password Requests to Wall Directory Watch.
[    6.387980] systemd[1]: Listening on LVM2 poll daemon socket.
[[0;32m  OK  [0m] Listening on LVM2 poll daemon socket.
[    6.393923] systemd[1]: Listening on /dev/initctl Compatibility Named Pipe.
[[0;32m  OK  [0m] Listening on /dev/initctl Compatibility Named Pipe.
[    6.400995] systemd[1]: Listening on Journal Socket.
[[0;32m  OK  [0m] Listening on Journal Socket.
[    6.406888] systemd[1]: Starting Create list of required static device nodes for the current kernel...
         Starting Create list of required st... nodes for the current kernel...
[    6.417597] systemd[1]: Mounting POSIX Message Queue File System...
         Mounting POSIX Message Queue File System...
[    6.426804] systemd[1]: Starting Set console keymap...
         Starting Set console keymap...
[    6.444805] systemd[1]: Mounting Huge Pages File System...
         Mounting Huge Pages File System...
[    6.455599] systemd[1]: Starting Journal Service...
         Starting Journal Service...
[    6.475446] systemd[1]: Starting File System Check on Root Device...
         Starting File System Check on Root Device...
[    6.482760] systemd[1]: Starting Uncomplicated firewall...
         Starting Uncomplicated firewall...
[    6.492493] systemd[1]: Started Trigger resolvconf update for networkd DNS.
[[0;32m  OK  [0m] Started Trigger resolvconf update for networkd DNS.
[    6.509218] systemd[1]: Reached target Slices.
[[0;32m  OK  [0m] Reached target Slices.
[    6.521786] systemd[1]: Mounting Debug File System...
         Mounting Debug File System...
[    6.527043] systemd[1]: Reached target System Time Synchronized.
[[0;32m  OK  [0m] Reached target System Time Synchronized.
[    6.542805] systemd[1]: Starting Load Kernel Modules...
         Starting Load Kernel Modules...
[    6.554734] systemd[1]: Starting Nameserver information manager...
[    6.561497] Loading iSCSI transport class v2.0-870.
         Starting Nameserver information manager...
[    6.568223] systemd[1]: Listening on udev Kernel Socket.
[    6.575197] iscsi: registered transport (tcp)
[[0;32m  OK  [0m] Listening on udev Kernel Socket.
[    6.581020] systemd[1]: Reached target Swap.
[[0;32m  OK  [0m] Reached target Swap.
[    6.587841] systemd[1]: Listening on Device-mapper event daemon FIFOs.
[[0;32m  OK  [0m] Listening on Device-mapper event daemon FIFOs.
[    6.603963] systemd[1]: Starting Monitoring of LVM2 mirrors, snapshots etc. using dmeventd or progress polling...
         Starting Monitoring of LVM2 mirrors... dmeventd or progress polling...
[    6.621692] systemd[1]: Mounted Huge Pages File System.
[[0;32m  OK  [0m] Mounted Huge Pages File System.
[    6.631297] systemd[1]: Mounted POSIX Message Queue File System.
[[0;32m  OK  [0m] Mounted POSIX Message Queue File System.
[    6.643144] systemd[1]: Mounted Debug File System.
[[    6.649063] iscsi: registered transport (iser)
[0;32m  OK  [0m] Mounted Debug File System.
[    6.653715] systemd[1]: Started Journal Service.
[[0;32m  OK  [0m] Started Journal Service.
[[0;32m  OK  [0m] Started Create list of required sta...ce nodes for the current kernel.
[[0;32m  OK  [0m] Started Set console keymap.
[[0;32m  OK  [0m] Started File System Check on Root Device.
[[0;32m  OK  [0m] Started Uncomplicated firewall.
[[0;32m  OK  [0m] Started Load Kernel Modules.
[[0;32m  OK  [0m] Started LVM2 metadata daemon.
[[0;32m  OK  [0m] Started File System Check Daemon to report status.
         Mounting FUSE Control File System...
         Starting Apply Kernel Variables...
         Starting Remount Root and Kernel File Systems...
         Starting Create Static Device Nodes in /dev...
[[0;32m  OK  [0m] Mounted FUSE Control File System.
[[0;32m  OK  [0m] Started Nameserver information manager.
[[0;32m  OK  [0m] Started Apply Kernel Variables.
[[0;32m  OK  [0m] Started Remount Root and Kernel File Systems.
[[0;32m  OK  [0m] Started Create Static Device Nodes in /dev.
         Starting udev Kernel Device Manager...
         Starting Load/Save Random Seed...
         Starting Flush Journal to Persistent Storage...
         Starting udev Coldplug all Devices...
[[0;32m  OK  [0m] Started Load/Save Random Seed.
[[0;32m  OK  [0m] Started Flush Journal to Persistent Storage.
[[0;32m  OK  [0m] Started udev Kernel Device Manager.
[[0;32m  OK  [0m] Started udev Coldplug all Devices.
[[0;32m  OK  [0m] Started Dispatch Password Requests to Console Directory Watch.
[[0;32m  OK  [0m] Started Monitoring of LVM2 mirrors,...ng dmeventd or progress polling.
[[0;32m  OK  [0m] Reached target Local File Systems (Pre).
[[0;32m  OK  [0m] Reached target Local File Systems.
         Starting Initial cloud-init job (pre-networking)...
         Starting Tell Plymouth To Write Out Runtime Data...
         Starting Set console font and keymap...
         Starting Create Volatile Files and Directories...
         Starting LSB: AppArmor initialization...
[[0;32m  OK  [0m] Started Tell Plymouth To Write Out Runtime Data.
[[0;32m  OK  [0m] Started Create Volatile Files and Directories.
         Starting Update UTMP about System Boot/Shutdown...
[[0;32m  OK  [0m] Started Update UTMP about System Boot/Shutdown.
[[0;32m  OK  [0m] Found device /dev/ttyS0.
[[0;32m  OK  [0m] Started LSB: AppArmor initialization.
         Starting Load AppArmor profiles managed internally by snapd...
[[0;32m  OK  [0m] Started Load AppArmor profiles managed internally by snapd.
[[0;32m  OK  [0m] Listening on Load/Save RF Kill Switch Status /dev/rfkill Watch.
[[0;32m  OK  [0m] Found device 82540EM Gigabit Ethern...r (PRO/1000 MT Desktop Adapter).
[[0;32m  OK  [0m] Found device 82540EM Gigabit Ethern...r (PRO/1000 MT Desktop Adapter).
[    7.577879] cloud-init[483]: Cloud-init v. 21.1-19-gbad84ad4-0ubuntu1~16.04.2 running 'init-local' at Sun, 02 Mar 2025 16:20:41 +0000. Up 7.24 seconds.[[0;32m  OK  [0m] Started Initial cloud-init job (pre-networking).
[[0;32m  OK  [0m] Reached target Network (Pre).
[[0;32m  OK  [0m] Started ifup for enp0s3.

         Starting Raise network interfaces...
[[0;32m  OK  [0m] Started ifup for enp0s8.
[[0;32m  OK  [0m] Started Set console font and keymap.
[[0;32m  OK  [0m] Created slice system-getty.slice.
[[0;32m  OK  [0m] Started Raise network interfaces.
[[0;32m  OK  [0m] Reached target Network.
         Starting Initial cloud-init job (metadata service crawler)...
[    8.633137] cloud-init[1074]: Cloud-init v. 21.1-19-gbad84ad4-0ubuntu1~16.04.2 running 'init' at Sun, 02 Mar 2025 16:20:42 +0000. Up 8.46 seconds.
[    8.650766] cloud-init[1074]: ci-info: ++++++++++++++++++++++++++++++++++++++Net device info++++++++++++++++++++++++++++++++++++++
[    8.655939] cloud-init[1074]: ci-info: +--------+------+----------------------------+---------------+--------+-------------------+
[    8.660756] cloud-init[1074]: ci-info: | Device |  Up  |          Address           |      Mask     | Scope  |     Hw-Address    |
[    8.671259] cloud-init[1074]: ci-info: +--------+------+----------------------------+---------------+--------+-------------------+
[    8.680922] cloud-init[1074]: ci-info: | enp0s3 | True |         10.0.2.15          | 255.255.255.0 | global | 02:be:82:6b:cc:1d |
[    8.691106] cloud-init[1074]: ci-info: | enp0s3 | True | fe80::be:82ff:fe6b:cc1d/64 |       .       |  link  | 02:be:82:6b:cc:1d |
[    8.697442] cloud-init[1074]: ci-info: | enp0s8 | True |       192.168.162.13       | 255.255.255.0 | global | 08:00:27:b9:03:09 |[[0;32m  OK  [0m] Started Initial cloud-init job (metadata service crawler).

[    8.704906] cloud-init[1074]: ci-info: | enp0s8 | True | fe80::a00:27ff:feb9:309/64 |       .       |  link  | 08:00:27:b9:03:09 |[[0;32m  OK  [0m] Reached target Network is Online.
         Starting iSCSI initiator daemon (iscsid)...
[    8.713646] cloud-init[1074]: ci-info: |   lo   | True |         127.0.0.1          |   255.0.0.0   |  host  |         .         |
[    8.715661] 
[[0;32m  OK  [0m] Reached target Cloud-config availability.
[cloud-init[1074]: ci-info: |   lo   | True |          ::1/128           |       .       |  host  |         .         |[0;32m  OK  [0m] Reached target System Initialization.
[[0;32m  OK  [0m] Listening on UUID daemon activation socket.
[    8.731014] cloud-init
[1074]: ci-info: +--------+------+----------------------------+---------------+--------+-------------------+
[    8.741023] cloud-init[1074]: ci-info: ++++++++++++++++++++++++++++Route IPv4 info+++++++++++++++++++++++++++++
[[0;32m  OK  [0m] Started Daily apt download activities.
[[0;32m  OK  [0m] Started Daily Cleanup of Temporary Directories.[    8.746283] cloud-init[1074]: ci-info: +-------+---------------+----------+---------------+-----------+-------+
[    8.756727] cloud-init[1074]: ci-info: | Route |  Destination  | Gateway  |    Genmask    | Interface | Flags |

         Starting LXD - unix socket.
[    8.765019] cloud-init[1074]: ci-info: +-------+---------------+----------+---------------+-----------+-------+
[    8.772604] cloud-init[1074]: ci-info: |   0   |    0.0.0.0    | 10.0.2.2 |    0.0.0.0    |   enp0s3  |   UG  |
[[0;32m  OK  [0m] Started Message of the Day.
         Starting Socket activation for snappy daemon.[    8.781258] cloud-init[1074]: ci-info: |   1   |    10.0.2.0   | 0.0.0.0  | 255.255.255.0 |   enp0s3  |   U   |

[[0;32m  OK  [0m] Started ACPI Events Check.
[    8.789033] cloud-init[1074]: [[0;32m  OK  [0m] Reached target Paths.
[[0;32m  OK  [0mci-info: |   2   | 192.168.162.0 | 0.0.0.0  | 255.255.255.0 |   enp0s8  |   U   |
[    8.802734] cloud-init[1074]: ] Started Daily apt upgrade and clean activities.
[[0;32m  OK  [0m] Listening on D-Bus System Message Bus Socket.ci-info: +-------+---------------+----------+---------------+-----------+-------+
[    8.811333] cloud-init
[[0;32m  OK  [0m] Started Ubuntu Advantage update messaging.
[[1074]: ci-info: +++++++++++++++++++Route IPv6 info+++++++++++++++++++
[    8.818391] cloud-init[1074]: [0;32m  OK  [0m] Reached target Timers.
[[0;32m  OK  [0m] ci-info: +-------+-------------+---------+-----------+-------+
[    8.826458] cloud-init[1074]: Listening on ACPID Listen Socket.
ci-info: | Route | Destination | Gateway | Interface | Flags |[[0;32m  OK  [0m] Listening on LXD - unix socket.
[
[    8.837447] cloud-init[1074]: ci-info: +-------+-------------+---------+-----------+-------+[0;32m  OK  [0m] Listening on Socket activation for snappy daemon.
[
[    8.845468] cloud-init[1074]: [0;32m  OK  [0m] Reached target Sockets.
[ci-info: |   0   |  fe80::/64  |    ::   |   enp0s8  |   U   |
[0;32m  OK  [0m] Reached target Basic System.
         [    8.860796] cloud-init[1074]: ci-info: |   1   |  fe80::/64  |    ::   |   enp0s3  |   U   |Starting LSB: MD monitoring daemon...

         Starting /etc/rc.local Compatibility...
         Starting Login Service...
[[0;32m  OK  [0m[    8.874196] ] Started Deferred execution scheduler.
cloud-init         Starting OpenBSD Secure Shell server...
         [1074]: Starting System Logging Service...
ci-info: |   4   |   ff00::/8  |    ::   |   enp0s8  |   U   |         Starting Accounts Service...
[[0;32m  OK  [0m] Started FUSE filesystem for LXC.
[    8.910185] cloud-init[1074]: 
[[0;32m  OK  [0m] Started D-Bus System Message Bus.
ci-info: |   5   |   ff00::/8  |    ::   |   enp0s3  |   U   |
[    8.955497] cloud-init[1074]: ci-info: +-------+-------------+---------+-----------+-------+
[[0;32m  OK  [0m] Started Regular background program processing daemon.
[[0;32m  OK  [0m] Started ACPI event daemon.
         Starting LSB: Record successful boot for GRUB...
         Starting Virtualbox guest utils...
         Starting Snap Daemon...
         Starting LXD - container startup/shutdown...
[[0;32m  OK  [0m] Started System Logging Service.
[[0;32m  OK  [0m] Started iSCSI initiator daemon (iscsid).
[[0;32m  OK  [0m] Started /etc/rc.local Compatibility.
[[0;32m  OK  [0m] Started Login Service.
[[0;32m  OK  [0m] Started Unattended Upgrades Shutdown.
         Starting Authenticate and Authorize Users to Run Privileged Tasks...
         Starting Login to default iSCSI targets...
[[0;32m  OK  [0m] Started OpenBSD Secure Shell server.
[[0;32m  OK  [0m] Started LSB: Record successful boot for GRUB.
[[0;32m  OK  [0m] Started LSB: MD monitoring daemon.
[[0;32m  OK  [0m] Started Login to default iSCSI targets.
[[0;32m  OK  [0m] Reached target Remote File Systems (Pre).
         Mounting /vagrant...
[[0;1;31mFAILED[0m] Failed to mount /vagrant.
See 'systemctl status vagrant.mount' for details.
[[0;1;33mDEPEND[0m] Dependency failed for Remote File Systems.
         Starting LSB: Set the CPU Frequency Scaling governor to "ondemand"...
         Starting LSB: daemon to balance interrupts for SMP systems...
         Starting LSB: automatic crash report generation...
         Starting Permit User Sessions...
[[0;32m  OK  [0m] Started Permit User Sessions.
[[0;32m  OK  [0m] Started Authenticate and Authorize Users to Run Privileged Tasks.
[[0;32m  OK  [0m] Started Accounts Service.
         Starting Terminate Plymouth Boot Screen...
         Starting Hold until boot process finishes up...
[[0;32m  OK  [0m] Started Hold until boot process finishes up.
[[0;32m  OK  [0m] Started Terminate Plymouth Boot Screen.
[[0;32m  OK  [0m] Started LSB: Set the CPU Frequency Scaling governor to "ondemand".
[[0;32m  OK  [0m] Started Getty on tty1.
         Starting Set console scheme...
[[0;32m  OK  [0m] Started Serial Getty on ttyS0.
[[0;32m  OK  [0m] Reached target Login Prompts.
[[0;32m  OK  [0m] Started Set console scheme.
[[0;32m  OK  [0m] Started LSB: daemon to balance interrupts for SMP systems.
[[0;32m  OK  [0m] Started LSB: automatic crash report generation.
[[0;32m  OK  [0m] Started LXD - container startup/shutdown.
[[0;32m  OK  [0m] Started Virtualbox guest utils.
[[0;32m  OK  [0m] Started Snap Daemon.
         Starting Wait until snapd is fully seeded...
[[0;32m  OK  [0m] Started Wait until snapd is fully seeded.
[[0;32m  OK  [0m] Reached target Multi-User System.
[[0;32m  OK  [0m] Reached target Graphical Interface.
         Starting Update UTMP about System Runlevel Changes...
         Starting Apply the settings specified in cloud-config...
[[0;32m  OK  [0m] Started Update UTMP about System Runlevel Changes.
[   10.100719] cloud-init[1344]: Cloud-init v. 21.1-19-gbad84ad4-0ubuntu1~16.04.2 running 'modules:config' at Sun, 02 Mar 2025 16:20:44 +0000. Up 10.01 seconds.
[[0;32m  OK  [0m] Started Apply the settings specified in cloud-config.
         Starting Execute cloud user/final scripts...
[   10.457698] cloud-init[1356]: Cloud-init v. 21.1-19-gbad84ad4-0ubuntu1~16.04.2 running 'modules:final' at Sun, 02 Mar 2025 16:20:44 +0000. Up 10.38 seconds.
[   10.476481] cloud-init[1356]: Cloud-init v. 21.1-19-gbad84ad4-0ubuntu1~16.04.2 finished at Sun, 02 Mar 2025 16:20:44 +0000. Datasource DataSourceNoCloud [seed=/dev/sdb][dsmode=net].  Up 10.45 seconds
[[0;32m  OK  [0m] Started Execute cloud user/final scripts.
[[0;32m  OK  [0m] Reached target Cloud-init target.

Ubuntu 16.04.7 LTS vm3 ttyS0

vm3 login: [[0;32m  [[0;32m  OK  [0m] Stopped Unattended Upgrades Shutdown.
         Stopping User Manager for UID 1000...
[[0;32m  OK  [0m] Closed Load/Save RF [[0;32m  OK  [0m] Stopped Unattended Upgrades Shutdown.
         Stopping Session 4 of user vagrant.
[[0;32m  OK  [0m] Stopped target Timers.
[[0;32m  OK  [0m] Stopped Daily apt upgrade and clean activities.
         Stopping ACPI event daemon...
[[0;32m  OK  [0m] Stopped Daily Cleanup of Temporary Directories.
[[0;32m  OK  [0m] Stopped Ubuntu Advantage update messaging.
[[0;32m  OK  [0m] Closed Load/Save RF Kill Switch Status /dev/rfkill Watch.
[[0;32m  OK  [0m] Stopped Daily apt download activities.
[[0;32m  OK  [0m] Stopped target Cloud-init target.
[[0;32m  OK  [0m] Stopped Execute cloud user/final scripts.
         Stopping Authenticate and Authorize Users to Run Privileged Tasks...
         Stopping User Manager for UID 1000...
[[0;32m  OK  [0m] Stopped target Graphical Interface.
[[0;32m  OK  [0m] Stopped target Multi-User System.
[[0;32m  OK  [0m] Stopped target Login Prompts.
         Stopping Getty on tty1...
         Stopping Serial Getty on ttyS0...
         Stopping LXD - container startup/shutdown...
         Stopping FUSE filesystem for LXC...
         Stopping D-Bus System Message Bus...
         Stopping Virtualbox guest utils...
         Stopping System Logging Service...
         Stopping Regular background program processing daemon...
         Stopping Deferred execution scheduler...
         Stopping LSB: MD monitoring daemon...
         Stopping LSB: Record successful boot for GRUB...
         Stopping LSB: automatic crash report generation...
         Stopping Accounts Service...
[[0;32m  OK  [0m] Stopped Message of the Day.
[[0;32m  OK  [0m] Stopped Apply the settings specified in cloud-config.
[[0;32m  OK  [0m] Stopped target Cloud-config availability.
         Stopping LSB: daemon to balance interrupts for SMP systems...
[[0;32m  OK  [0m] Stopped Wait until snapd is fully seeded.
         Unmounting /vagrant...
[[0;32m  OK  [0m] Stopped target System Time Synchronized.
         Stopping LSB: Set the CPU Frequency Scaling governor to "ondemand"...
         Stopping OpenBSD Secure Shell server...
         Stopping Session 8 of user vagrant.
[[0;32m  OK  [0m] Unmounted /var/lib/lxcfs.
[[0;32m  OK  [0m] Stopped Deferred execution scheduler.
[[0;32m  OK  [0m] Stopped ACPI event daemon.
[[0;32m  OK  [0m] Stopped System Logging Service.
[[0;32m  OK  [0m] Stopped Accounts Service.
[[0;32m  OK  [0m] Stopped Regular background program processing daemon.
[[0;32m  OK  [0m] Stopped OpenBSD Secure Shell server.
[[0;32m  OK  [0m] Stopped Authenticate and Authorize Users to Run Privileged Tasks.
[[0;32m  OK  [0m] Stopped Serial Getty on ttyS0.
[[0;32m  OK  [0m] Stopped Getty on tty1.
[[0;32m  OK  [0m] Stopped User Manager for UID 1000.
[[0;32m  OK  [0m] Stopped Session 4 of user vagrant.
[[0;32m  OK  [0m] Stopped D-Bus System Message Bus.
[[0;32m  OK  [0m] Unmounted /vagrant.
[[0;32m  OK  [0m] Stopped Session 8 of user vagrant.
[[0;32m  OK  [0m] Stopped FUSE filesystem for LXC.
[[0;32m  OK  [0m] Stopped LXD - container startup/shutdown.
[[0;32m  OK  [0m] Stopped target Remote File Systems (Pre).
         Stopping Login to default iSCSI targets...
[[0;32m  OK  [0m] Removed slice User Slice of vagrant.
         Stopping Login Service...
[[0;32m  OK  [0m] Removed slice system-getty.slice.
[[0;32m  OK  [0m] Removed slice system-serial\x2dgetty.slice.
         Stopping Permit User Sessions...
[[0;32m  OK  [0m] Stopped /etc/rc.local Compatibility.
[[0;32m  OK  [0m] Stopped Login Service.
[[0;32m  OK  [0m] Stopped Virtualbox guest utils.
[[0;32m  OK  [0m] Stopped LSB: MD monitoring daemon.
[[0;32m  OK  [0m] Stopped LSB: Record successful boot for GRUB.
[[0;32m  OK  [0m] Stopped LSB: automatic crash report generation.
[[0;32m  OK  [0m] Stopped LSB: daemon to balance interrupts for SMP systems.
[[0;32m  OK  [0m] Stopped LSB: Set the CPU Frequency Scaling governor to "ondemand".
[[0;32m  OK  [0m] Stopped Permit User Sessions.
[[0;32m  OK  [0m] Stopped Login to default iSCSI targets.
         Stopping iSCSI initiator daemon (iscsid)...
[[0;32m  OK  [0m] Stopped target Basic System.
[[0;32m  OK  [0m] Stopped target Slices.
[[0;32m  OK  [0m] Stopped target Paths.
[[0;32m  OK  [0m] Stopped Forward Password Requests to Wall Directory Watch.
[[0;32m  OK  [0m] Stopped ACPI Events Check.
[[0;32m  OK  [0m] Stopped Dispatch Password Requests to Console Directory Watch.
[[0;32m  OK  [0m] Stopped target Sockets.
[[0;32m  OK  [0m] Closed ACPID Listen Socket.
[[0;32m  OK  [0m] Closed LXD - unix socket.
[[0;32m  OK  [0m] Closed Socket activation for snappy daemon.
[[0;32m  OK  [0m] Closed UUID daemon activation socket.
[[0;32m  OK  [0m] Closed Syslog Socket.
[[0;32m  OK  [0m] Removed slice User and Session Slice.
[[0;32m  OK  [0m] Closed D-Bus System Message Bus Socket.
[[0;32m  OK  [0m] Stopped target System Initialization.
[[0;32m  OK  [0m] Stopped Create Volatile Files and Directories.
[[0;32m  OK  [0m] Stopped target Encrypted Volumes.
[[0;32m  OK  [0m] Stopped target Swap.
         Stopping Load/Save Random Seed...
[[0;32m  OK  [0m] Stopped target User and Group Name Lookups.
[[0;32m  OK  [0m] Stopped iSCSI initiator daemon (iscsid).
[[0;32m  OK  [0m] Stopped Load/Save Random Seed.
[[0;32m  OK  [0m] Stopped target Network is Online.
[[0;32m  OK  [0m] Stopped Initial cloud-init job (metadata service crawler).
[[0;32m  OK  [0m] Stopped target Network.
         Stopping Raise network interfaces...
[[0;32m  OK  [0m] Stopped Raise network interfaces.
[[0;32m  OK  [0m] Stopped Apply Kernel Variables.
[[0;32m  OK  [0m] Stopped Load Kernel Modules.
[[0;32m  OK  [0m] Stopped target Network (Pre).
[[0;32m  OK  [0m] Stopped Initial cloud-init job (pre-networking).
[[0;32m  OK  [0m] Stopped target Local File Systems.
         Unmounting /run/user/1000...
[[0;32m  OK  [0m] Unmounted /run/user/1000.
[[0;32m  OK  [0m] Reached target Unmount All Filesystems.
[[0;32m  OK  [0m] Stopped target Local File Systems (Pre).
         Stopping Monitoring of LVM2 mirrors... dmeventd or progress polling...
[[0;32m  OK  [0m] Stopped Remount Root and Kernel File Systems.
[[0;32m  OK  [0m] Stopped Create Static Device Nodes in /dev.
[[0;32m  OK  [0m] Reached target Shutdown.
[  305.702290] reboot: Power down
